2026-08-26 12:02:02,849 [INFO] === Quarterly catalyst screen: target Q4 2026 (2026-10-01 .. 2026-12-31) ===
2026-08-26 12:02:16,258 [INFO] Finviz Biotechnology                              overview=197 ownership=197
2026-08-26 12:02:17,521 [INFO] Finviz Drug Manufacturers - General               overview=  0 ownership=  0
2026-08-26 12:02:18,481 [INFO] Finviz Drug Manufacturers - Specialty & Generic   overview= 16 ownership= 16
2026-08-26 12:02:18,481 [INFO] Finviz universe: 213 unique tickers
2026-08-26 12:02:18,573 [INFO] Loaded SEC ticker->CIK map (10388 entries)
2026-08-26 12:02:18,872 [INFO] pdufa.bio: parsed entries for 0 tickers
2026-08-26 12:02:18,873 [INFO] [1/213] catalyst check AABEO
2026-08-26 12:02:19,030 [INFO] [2/213] catalyst check AABSI
2026-08-26 12:02:19,121 [INFO] [3/213] catalyst check AABUS
2026-08-26 12:02:19,207 [INFO] [4/213] catalyst check AACHV
2026-08-26 12:02:19,303 [INFO] [5/213] catalyst check AACRS
2026-08-26 12:02:19,393 [INFO] [6/213] catalyst check AADMA
2026-08-26 12:02:19,488 [INFO] [7/213] catalyst check AAGEN
2026-08-26 12:02:19,578 [INFO] [8/213] catalyst check AAGIO
2026-08-26 12:02:19,678 [INFO] [9/213] catalyst check AAKTS
2026-08-26 12:02:19,767 [INFO] [10/213] catalyst check AALLO
2026-08-26 12:02:19,864 [INFO] [11/213] catalyst check AALT
2026-08-26 12:02:19,958 [INFO] [12/213] catalyst check AANAB
2026-08-26 12:02:20,050 [INFO] [13/213] catalyst check AANNX
2026-08-26 12:02:20,146 [INFO] [14/213] catalyst check AANVS
2026-08-26 12:02:20,241 [INFO] [15/213] catalyst check AARCT
2026-08-26 12:02:20,335 [INFO] [16/213] catalyst check AARQT
2026-08-26 12:02:20,426 [INFO] [17/213] catalyst check AASMB
2026-08-26 12:02:20,513 [INFO] [18/213] catalyst check AATYR
2026-08-26 12:02:20,598 [INFO] [19/213] catalyst check AAVBP
2026-08-26 12:02:20,695 [INFO] [20/213] catalyst check AAVIR
2026-08-26 12:02:20,784 [INFO] [21/213] catalyst check AAVTX
2026-08-26 12:02:20,873 [INFO] [22/213] catalyst check AAVXL
2026-08-26 12:02:20,960 [INFO] [23/213] catalyst check BBBIO
2026-08-26 12:02:21,050 [INFO] [24/213] catalyst check BBCAX
2026-08-26 12:02:21,140 [INFO] [25/213] catalyst check BBDTX
2026-08-26 12:02:21,228 [INFO] [26/213] catalyst check BBEAM
2026-08-26 12:02:21,319 [INFO] [27/213] catalyst check BBHVN
2026-08-26 12:02:21,411 [INFO] [28/213] catalyst check BBMEA
2026-08-26 12:02:21,504 [INFO] [29/213] catalyst check CCABA
2026-08-26 12:02:21,596 [INFO] [30/213] catalyst check CCADL
2026-08-26 12:02:21,686 [INFO] [31/213] catalyst check CCAI
2026-08-26 12:02:21,781 [INFO] [32/213] catalyst check CCAPR
2026-08-26 12:02:21,871 [INFO] [33/213] catalyst check CCBIO
2026-08-26 12:02:21,960 [INFO] [34/213] catalyst check CCCCC
2026-08-26 12:02:22,053 [INFO] [35/213] catalyst check CCELC
2026-08-26 12:02:22,146 [INFO] [36/213] catalyst check CCGEM
2026-08-26 12:02:22,235 [INFO] [37/213] catalyst check CCGON
2026-08-26 12:02:22,325 [INFO] [38/213] catalyst check CCHRS
2026-08-26 12:02:22,415 [INFO] [39/213] catalyst check CCING
2026-08-26 12:02:22,508 [INFO] [40/213] catalyst check CCLYM
2026-08-26 12:02:22,600 [INFO] [41/213] catalyst check CCMPX
2026-08-26 12:02:22,692 [INFO] [42/213] catalyst check CCNTB
2026-08-26 12:02:22,777 [INFO] [43/213] catalyst check CCOGT
2026-08-26 12:02:22,870 [INFO] [44/213] catalyst check CCORT
2026-08-26 12:02:22,969 [INFO] [45/213] catalyst check CCRBP
2026-08-26 12:02:23,059 [INFO] [46/213] catalyst check CCRBU
2026-08-26 12:02:23,155 [INFO] [47/213] catalyst check CCRDF
2026-08-26 12:02:23,247 [INFO] [48/213] catalyst check CCRMD
2026-08-26 12:02:23,334 [INFO] [49/213] catalyst check CCRVS
2026-08-26 12:02:23,423 [INFO] [50/213] catalyst check CCTMX
2026-08-26 12:02:23,509 [INFO] [51/213] catalyst check CCTXR
2026-08-26 12:02:23,600 [INFO] [52/213] catalyst check CCYTK
2026-08-26 12:02:23,700 [INFO] [53/213] catalyst check DDMAC
2026-08-26 12:02:23,794 [INFO] [54/213] catalyst check DDNA
2026-08-26 12:02:23,889 [INFO] [55/213] catalyst check DDNLI
2026-08-26 12:02:23,975 [INFO] [56/213] catalyst check DDNTH
2026-08-26 12:02:24,068 [INFO] [57/213] catalyst check DDRUG
2026-08-26 12:02:24,161 [INFO] [58/213] catalyst check DDSGN
2026-08-26 12:02:24,257 [INFO] [59/213] catalyst check DDYN
2026-08-26 12:02:24,352 [INFO] [60/213] catalyst check EEDIT
2026-08-26 12:02:24,445 [INFO] [61/213] catalyst check EELVN
2026-08-26 12:02:24,534 [INFO] [62/213] catalyst check EEQ
2026-08-26 12:02:24,626 [INFO] [63/213] catalyst check EERAS
2026-08-26 12:02:24,713 [INFO] [64/213] catalyst check EEVMN
2026-08-26 12:02:24,800 [INFO] [65/213] catalyst check EEWTX
2026-08-26 12:02:24,887 [INFO] [66/213] catalyst check EEXEL
2026-08-26 12:02:24,980 [INFO] [67/213] catalyst check EEYPT
2026-08-26 12:02:25,072 [INFO] [68/213] catalyst check FFBIO
2026-08-26 12:02:25,162 [INFO] [69/213] catalyst check FFDMT
2026-08-26 12:02:25,251 [INFO] [70/213] catalyst check FFLNA
2026-08-26 12:02:25,345 [INFO] [71/213] catalyst check FFTRE
2026-08-26 12:02:25,440 [INFO] [72/213] catalyst check GGALT
2026-08-26 12:02:25,534 [INFO] [73/213] catalyst check GGERN
2026-08-26 12:02:25,626 [INFO] [74/213] catalyst check GGLUE
2026-08-26 12:02:25,719 [INFO] [75/213] catalyst check GGOSS
2026-08-26 12:02:25,804 [INFO] [76/213] catalyst check GGRCE
2026-08-26 12:02:25,895 [INFO] [77/213] catalyst check HHALO
2026-08-26 12:02:25,984 [INFO] [78/213] catalyst check HHRTX
2026-08-26 12:02:26,084 [INFO] [79/213] catalyst check HHUMA
2026-08-26 12:02:26,174 [INFO] [80/213] catalyst check IIBRX
2026-08-26 12:02:26,267 [INFO] [81/213] catalyst check IIDYA
2026-08-26 12:02:26,358 [INFO] [82/213] catalyst check IIMMX
2026-08-26 12:02:26,452 [INFO] [83/213] catalyst check IIMNM
2026-08-26 12:02:26,541 [INFO] [84/213] catalyst check IIMRX
2026-08-26 12:02:26,625 [INFO] [85/213] catalyst check IIMUX
2026-08-26 12:02:26,722 [INFO] [86/213] catalyst check IIMVT
2026-08-26 12:02:26,812 [INFO] [87/213] catalyst check IINBX
2026-08-26 12:02:26,908 [INFO] [88/213] catalyst check IINO
2026-08-26 12:02:27,000 [INFO] [89/213] catalyst check IIONS
2026-08-26 12:02:27,095 [INFO] [90/213] catalyst check IIOVA
2026-08-26 12:02:27,190 [INFO] [91/213] catalyst check IIPSC
2026-08-26 12:02:27,282 [INFO] [92/213] catalyst check IIRD
2026-08-26 12:02:27,374 [INFO] [93/213] catalyst check IIRON
2026-08-26 12:02:27,471 [INFO] [94/213] catalyst check IIVVD
2026-08-26 12:02:27,565 [INFO] [95/213] catalyst check JJANX
2026-08-26 12:02:27,650 [INFO] [96/213] catalyst check JJBIO
2026-08-26 12:02:27,741 [INFO] [97/213] catalyst check JJSPR
2026-08-26 12:02:27,835 [INFO] [98/213] catalyst check KKOD
2026-08-26 12:02:27,924 [INFO] [99/213] catalyst check KKPTI
2026-08-26 12:02:28,010 [INFO] [100/213] catalyst check KKRRO
2026-08-26 12:02:28,102 [INFO] [101/213] catalyst check KKRYS
2026-08-26 12:02:28,196 [INFO] [102/213] catalyst check KKURA
2026-08-26 12:02:28,289 [INFO] [103/213] catalyst check KKYMR
2026-08-26 12:02:28,385 [INFO] [104/213] catalyst check KKYTX
2026-08-26 12:02:28,473 [INFO] [105/213] catalyst check LLBRX
2026-08-26 12:02:28,559 [INFO] [106/213] catalyst check LLCTX
2026-08-26 12:02:28,645 [INFO] [107/213] catalyst check LLENZ
2026-08-26 12:02:28,737 [INFO] [108/213] catalyst check LLGND
2026-08-26 12:02:28,827 [INFO] [109/213] catalyst check LLRMR
2026-08-26 12:02:28,917 [INFO] [110/213] catalyst check LLXEO
2026-08-26 12:02:29,007 [INFO] [111/213] catalyst check LLXRX
2026-08-26 12:02:29,099 [INFO] [112/213] catalyst check LLYEL
2026-08-26 12:02:29,193 [INFO] [113/213] catalyst check MMANE
2026-08-26 12:02:29,281 [INFO] [114/213] catalyst check MMAZE
2026-08-26 12:02:29,375 [INFO] [115/213] catalyst check MMBX
2026-08-26 12:02:29,461 [INFO] [116/213] catalyst check MMGNX
2026-08-26 12:02:29,556 [INFO] [117/213] catalyst check MMIRM
2026-08-26 12:02:29,646 [INFO] [118/213] catalyst check MMLYS
2026-08-26 12:02:29,737 [INFO] [119/213] catalyst check MMPLT
2026-08-26 12:02:29,835 [INFO] [120/213] catalyst check MMRNA
2026-08-26 12:02:29,928 [INFO] [121/213] catalyst check NNGNE
2026-08-26 12:02:30,015 [INFO] [122/213] catalyst check NNKTR
2026-08-26 12:02:30,109 [INFO] [123/213] catalyst check NNMRA
2026-08-26 12:02:30,205 [INFO] [124/213] catalyst check NNRIX
2026-08-26 12:02:30,292 [INFO] [125/213] catalyst check NNRXP
2026-08-26 12:02:30,381 [INFO] [126/213] catalyst check NNTLA
2026-08-26 12:02:30,478 [INFO] [127/213] catalyst check NNUVB
2026-08-26 12:02:30,572 [INFO] [128/213] catalyst check NNVAX
2026-08-26 12:02:30,667 [INFO] [129/213] catalyst check OOCGN
2026-08-26 12:02:30,756 [INFO] [130/213] catalyst check OOCUL
2026-08-26 12:02:30,852 [INFO] [131/213] catalyst check OOLMA
2026-08-26 12:02:30,940 [INFO] [132/213] catalyst check OOMER
2026-08-26 12:02:31,030 [INFO] [133/213] catalyst check OORIC
2026-08-26 12:02:31,121 [INFO] [134/213] catalyst check OORKA
2026-08-26 12:02:31,209 [INFO] [135/213] catalyst check OOVID
2026-08-26 12:02:31,301 [INFO] [136/213] catalyst check PPBYI
2026-08-26 12:02:31,397 [INFO] [137/213] catalyst check PPCVX
2026-08-26 12:02:31,484 [INFO] [138/213] catalyst check PPGEN
2026-08-26 12:02:31,579 [INFO] [139/213] catalyst check PPHAT
2026-08-26 12:02:31,667 [INFO] [140/213] catalyst check PPRAX
2026-08-26 12:02:31,755 [INFO] [141/213] catalyst check PPRME
2026-08-26 12:02:31,847 [INFO] [142/213] catalyst check PPROK
2026-08-26 12:02:31,939 [INFO] [143/213] catalyst check PPTCT
2026-08-26 12:02:32,034 [INFO] [144/213] catalyst check PPTGX
2026-08-26 12:02:32,127 [INFO] [145/213] catalyst check PPVLA
2026-08-26 12:02:32,221 [INFO] [146/213] catalyst check QQTTB
2026-08-26 12:02:32,314 [INFO] [147/213] catalyst check RRARE
2026-08-26 12:02:32,410 [INFO] [148/213] catalyst check RRCKT
2026-08-26 12:02:32,501 [INFO] [149/213] catalyst check RRCUS
2026-08-26 12:02:32,592 [INFO] [150/213] catalyst check RREPL
2026-08-26 12:02:32,687 [INFO] [151/213] catalyst check RRGNX
2026-08-26 12:02:32,777 [INFO] [152/213] catalyst check RRIGL
2026-08-26 12:02:32,866 [INFO] [153/213] catalyst check RRLAY
2026-08-26 12:02:32,954 [INFO] [154/213] catalyst check RRLMD
2026-08-26 12:02:33,041 [INFO] [155/213] catalyst check RRNAC
2026-08-26 12:02:33,139 [INFO] [156/213] catalyst check RRXRX
2026-08-26 12:02:33,227 [INFO] [157/213] catalyst check RRYTM
2026-08-26 12:02:33,321 [INFO] [158/213] catalyst check RRZLT
2026-08-26 12:02:33,414 [INFO] [159/213] catalyst check SSANA
2026-08-26 12:02:33,503 [INFO] [160/213] catalyst check SSGMT
2026-08-26 12:02:33,599 [INFO] [161/213] catalyst check SSION
2026-08-26 12:02:33,687 [INFO] [162/213] catalyst check SSLDB
2026-08-26 12:02:33,779 [INFO] [163/213] catalyst check SSLS
2026-08-26 12:02:33,867 [INFO] [164/213] catalyst check SSMMT
2026-08-26 12:02:33,957 [INFO] [165/213] catalyst check SSNDX
2026-08-26 12:02:34,045 [INFO] [166/213] catalyst check SSPRY
2026-08-26 12:02:34,132 [INFO] [167/213] catalyst check SSRPT
2026-08-26 12:02:34,229 [INFO] [168/213] catalyst check SSRRK
2026-08-26 12:02:34,322 [INFO] [169/213] catalyst check SSTOK
2026-08-26 12:02:34,411 [INFO] [170/213] catalyst check SSTRO
2026-08-26 12:02:34,501 [INFO] [171/213] catalyst check SSVRA
2026-08-26 12:02:34,594 [INFO] [172/213] catalyst check SSYRE
2026-08-26 12:02:34,684 [INFO] [173/213] catalyst check TTARS
2026-08-26 12:02:34,775 [INFO] [174/213] catalyst check TTECX
2026-08-26 12:02:34,870 [INFO] [175/213] catalyst check TTENX
2026-08-26 12:02:34,961 [INFO] [176/213] catalyst check TTGTX
2026-08-26 12:02:35,060 [INFO] [177/213] catalyst check TTNGX
2026-08-26 12:02:35,151 [INFO] [178/213] catalyst check TTNXP
2026-08-26 12:02:35,239 [INFO] [179/213] catalyst check TTRVI
2026-08-26 12:02:35,332 [INFO] [180/213] catalyst check TTSHA
2026-08-26 12:02:35,431 [INFO] [181/213] catalyst check TTVTX
2026-08-26 12:02:35,518 [INFO] [182/213] catalyst check TTYRA
2026-08-26 12:02:35,608 [INFO] [183/213] catalyst check UUNCY
2026-08-26 12:02:35,692 [INFO] [184/213] catalyst check UUPB
2026-08-26 12:02:35,784 [INFO] [185/213] catalyst check UURGN
2026-08-26 12:02:35,874 [INFO] [186/213] catalyst check VVERA
2026-08-26 12:02:35,969 [INFO] [187/213] catalyst check VVIR
2026-08-26 12:02:36,061 [INFO] [188/213] catalyst check VVKTX
2026-08-26 12:02:36,161 [INFO] [189/213] catalyst check VVNDA
2026-08-26 12:02:36,250 [INFO] [190/213] catalyst check VVOR
2026-08-26 12:02:36,352 [INFO] [191/213] catalyst check VVRDN
2026-08-26 12:02:36,438 [INFO] [192/213] catalyst check VVSTM
2026-08-26 12:02:36,527 [INFO] [193/213] catalyst check WWHWK
2026-08-26 12:02:36,621 [INFO] [194/213] catalyst check XXNCR
2026-08-26 12:02:36,711 [INFO] [195/213] catalyst check ZZBIO
2026-08-26 12:02:36,803 [INFO] [196/213] catalyst check ZZURA
2026-08-26 12:02:36,895 [INFO] [197/213] catalyst check ZZVRA
2026-08-26 12:02:36,986 [INFO] [198/213] catalyst check AAMLX
2026-08-26 12:02:37,073 [INFO] [199/213] catalyst check AAMPH
2026-08-26 12:02:37,167 [INFO] [200/213] catalyst check AANIP
2026-08-26 12:02:37,253 [INFO] [201/213] catalyst check AAQST
2026-08-26 12:02:37,344 [INFO] [202/213] catalyst check BBCRX
2026-08-26 12:02:37,438 [INFO] [203/213] catalyst check CCOLL
2026-08-26 12:02:37,530 [INFO] [204/213] catalyst check DDERM
2026-08-26 12:02:37,625 [INFO] [205/213] catalyst check EEBS
2026-08-26 12:02:37,714 [INFO] [206/213] catalyst check EEOLS
2026-08-26 12:02:37,810 [INFO] [207/213] catalyst check HHIMS
2026-08-26 12:02:37,902 [INFO] [208/213] catalyst check HHROW
2026-08-26 12:02:37,994 [INFO] [209/213] catalyst check IIRWD
2026-08-26 12:02:38,085 [INFO] [210/213] catalyst check LLQDA
2026-08-26 12:02:38,173 [INFO] [211/213] catalyst check OORGO
2026-08-26 12:02:38,262 [INFO] [212/213] catalyst check PPCRX
2026-08-26 12:02:38,351 [INFO] [213/213] catalyst check TTKNO
2026-08-26 12:02:38,442 [INFO] Wrote 18 candidate rows -> /home/runner/work/biopharmacatalyst/biopharmacatalyst/catalyst_screen/catalyst_candidates_2026-08-26.csv
2026-08-26 12:02:38,442 [INFO] Wrote summary -> /home/runner/work/biopharmacatalyst/biopharmacatalyst/catalyst_screen/catalyst_candidates_2026-08-26_log.txt
2026-08-26 12:02:38,443 [INFO] === Stage A complete: 18 candidates ===
